// Jest Snapshot v1, https://goo.gl/fbAQLP

exports[`Component test: CoolButton Correct rendering 1`] = `
<RNGestureHandlerButton
  collapsable={false}
  exclusive={true}
  onGestureEvent={[Function]}
  onGestureHandlerEvent={[Function]}
  onGestureHandlerStateChange={[Function]}
  onHandlerStateChange={[Function]}
  rippleColor={0}
  testID="increaseAmount"
>
  <View
    accessible={true}
    collapsable={false}
    style={
      Object {
        "backgroundColor": "#CC2222",
        "opacity": 1,
      }
    }
  >
    <View
      style={
        Object {
          "alignItems": "center",
          "flex": 1,
          "flexDirection": "row",
          "paddingRight": 16,
        }
      }
    >
      <View
        style={
          Object {
            "flex": 1,
          }
        }
      />
      <Text
        style={
          Object {
            "fontSize": 16,
            "fontWeight": "bold",
          }
        }
      >
        1
      </Text>
    </View>
  </View>
</RNGestureHandlerButton>
`;
